// Jest Snapshot v1, https://goo.gl/fbAQLP

exports[`Component renders with value 1`] = `
<styled.input
  type="text"
  value="test"
/>
`;

exports[`Component styled InputStyled 1`] = `
.c0 {
  padding: 10px;
}

<input
  className="c0"
/>
`;
