// Jest Snapshot v1, https://goo.gl/fbAQLP

exports[`Component renders with value 1`] = `
<styled.input
  onChange={[Function]}
  type="text"
  value="test"
/>
`;

exports[`Component theme BareInput 1`] = `
.c0 {
  padding: 5px;
}

<input
  className="c0"
/>
`;
